[2026-06-23 14:47:29] [PageController::editSubmit START] Params: {"id":1}
[2026-06-23 14:47:29] [PageController::editSubmit] Auth middleware passed.
[2026-06-23 14:47:29] [PageController::editSubmit] CSRF validation passed.
[2026-06-23 14:47:30] [DB QUERY START] SQL: SELECT * FROM pages WHERE id = :id LIMIT 1 | Params: {"id":1}
[2026-06-23 14:47:30] [DB QUERY SUCCESS]
[2026-06-23 14:47:30] [DB QUERY START] SQL: SELECT * FROM pages WHERE slug = :slug LIMIT 1 | Params: {"slug":"home"}
[2026-06-23 14:47:30] [DB QUERY SUCCESS]
[2026-06-23 14:47:29] [PageController::editSubmit] Form data prepared. Calling Page::updatePage()...
[2026-06-23 14:47:30] [Page::updatePage START] ID: 1
[2026-06-23 14:47:30] [DB QUERY START] SQL: UPDATE pages SET 
                title = :title, 
                slug = :slug, 
                meta_title = :meta_title, 
                meta_description = :meta_description, 
                status = :status,
                sort_order = :sort_order,
                in_navigation = :in_navigation,
                hero_title = :hero_title,
                hero_subtitle = :hero_subtitle,
                hero_image = :hero_image,
                hero_cta1_text = :hero_cta1_text,
                hero_cta1_url = :hero_cta1_url,
                hero_cta2_text = :hero_cta2_text,
                hero_cta2_url = :hero_cta2_url,
                hero_bg_color = :hero_bg_color,
                hero_effect = :hero_effect,
                hero_variant = :hero_variant,
                hero_image_layout = :hero_image_layout,
                hero_image_size = :hero_image_size,
                hero_badge = :hero_badge,
                hero_status = :hero_status,
                header_bg_mode = :header_bg_mode,
                header_opacity = :header_opacity,
                header_blur = :header_blur,
                header_shadow = :header_shadow,
                header_contrast_mode = :header_contrast_mode,
                logo_light = :logo_light,
                logo_dark = :logo_dark,
                logo_size = :logo_size,
                hero_layout_mode = :hero_layout_mode,
                hero_text_position = :hero_text_position,
                hero_text_alignment = :hero_text_alignment,
                hero_text_width = :hero_text_width,
                hero_overlay_opacity = :hero_overlay_opacity,
                hero_shadow_strength = :hero_shadow_strength,
                hero_image_mobile = :hero_image_mobile,
                responsive_settings = :responsive_settings
                WHERE id = :id | Params: {"title":"Accueil","slug":"home","meta_title":"Digitalium Group | Leader de la Transformation Digitale & IA","meta_description":"Strat\u00e9gie digitale, intelligence artificielle avant-gardiste et maintenance de parcs informatiques. D\u00e9couvrez nos services professionnels.","status":"published","sort_order":1,"in_navigation":1,"hero_title":"Des solutions<br>technologiques<br><span class=\"hi\">innovantes<\/span>","hero_subtitle":"Plongez dans un monde o\u00f9 la convergence du digital et de la technologie red\u00e9finit les normes et r\u00e9invente l'avenir de votre entreprise.","hero_image":"\/assets\/uploads\/digitalium-pic-2-1780069687.webp","hero_cta1_text":"D\u00e9couvrez nos services","hero_cta1_url":"#services","hero_cta2_text":"","hero_cta2_url":"","hero_bg_color":"linear-gradient(135deg, #f8fafc 0%, #f1f5f9 50%, #e2e8f0 100%)","hero_effect":"particles","hero_variant":"hero_ambient_glow","hero_image_layout":"right","hero_image_size":"large","hero_badge":"Innovation IA & Performance","hero_status":1,"header_bg_mode":"glass","header_opacity":0.65,"header_blur":20,"header_shadow":"moyen","header_contrast_mode":"default","logo_light":"","logo_dark":"","logo_size":38,"hero_layout_mode":"grand","hero_text_position":"centre","hero_text_alignment":"center","hero_text_width":"100%","hero_overlay_opacity":0,"hero_shadow_strength":"none","hero_image_mobile":"","responsive_settings":"","id":1}
[2026-06-23 14:47:30] [DB QUERY SUCCESS]
[2026-06-23 14:47:30] [Page::updatePage SUCCESS] Affected rows: 1
[2026-06-23 14:47:30] [CACHE-PURGED] Entire system cache has been invalidated.
[2026-06-23 14:47:29] [PageController::editSubmit SUCCESS] Redirecting to edit page.
[2026-06-23 14:48:00] [DB QUERY START] SQL: INSERT INTO hero_slides (page_id, title, subtitle, badge, image, cta_text, cta_url, sort_order) 
                VALUES (:page_id, :title, :subtitle, :badge, :image, :cta_text, :cta_url, :sort_order) | Params: {"page_id":1,"title":"Nouveau Slide","subtitle":"Description du slide.","badge":"Premium","image":"","cta_text":"D\u00e9couvrir","cta_url":"#","sort_order":0}
[2026-06-23 14:48:00] [DB QUERY SUCCESS]
[2026-06-23 14:48:00] [CACHE-PURGED] Entire system cache has been invalidated.
[2026-06-23 14:48:00] [DB QUERY START] SQL: SELECT * FROM hero_slides WHERE page_id = :page_id ORDER BY sort_order ASC, id ASC | Params: {"page_id":1}
[2026-06-23 14:48:00] [DB QUERY SUCCESS]
[2026-06-23 14:48:00] [DB QUERY START] SQL: UPDATE hero_slides SET 
                title = :title,
                subtitle = :subtitle,
                badge = :badge,
                image = :image,
                cta_text = :cta_text,
                cta_url = :cta_url,
                sort_order = :sort_order
                WHERE id = :id | Params: {"title":"Titre de Test Mis \u00e0 Jour","subtitle":"Sous-titre de test mis \u00e0 jour.","badge":"TEST-BADGE","image":"\/assets\/uploads\/test.jpg","cta_text":"Bouton Test","cta_url":"\/test-url","sort_order":5,"id":1}
[2026-06-23 14:48:00] [DB QUERY SUCCESS]
[2026-06-23 14:48:00] [CACHE-PURGED] Entire system cache has been invalidated.
[2026-06-23 14:48:00] [DB QUERY START] SQL: SELECT * FROM hero_slides WHERE page_id = :page_id ORDER BY sort_order ASC, id ASC | Params: {"page_id":1}
[2026-06-23 14:48:00] [DB QUERY SUCCESS]
[2026-06-23 14:48:00] [DB QUERY START] SQL: DELETE FROM hero_slides WHERE id = :id | Params: {"id":1}
[2026-06-23 14:48:00] [DB QUERY SUCCESS]
[2026-06-23 14:48:01] [CACHE-PURGED] Entire system cache has been invalidated.
[2026-06-23 14:48:01] [DB QUERY START] SQL: SELECT * FROM hero_slides WHERE page_id = :page_id ORDER BY sort_order ASC, id ASC | Params: {"page_id":1}
[2026-06-23 14:48:01] [DB QUERY SUCCESS]
[2026-06-23 15:46:33] [DB QUERY START] SQL: SELECT * FROM projects ORDER BY sort_order ASC, id DESC | Params: []
[2026-06-23 15:46:33] [DB QUERY SUCCESS]
[2026-06-23 15:46:33] [DB QUERY START] SQL: SELECT * FROM users WHERE id = :id LIMIT 1 | Params: {"id":1}
[2026-06-23 15:46:33] [DB QUERY SUCCESS]
[2026-06-23 15:52:29] [DB QUERY START] SQL: SELECT COUNT(*) as total FROM pages | Params: []
[2026-06-23 15:52:29] [DB QUERY SUCCESS]
[2026-06-23 15:52:29] [DB QUERY START] SQL: SELECT COUNT(*) as total FROM sections | Params: []
[2026-06-23 15:52:29] [DB QUERY SUCCESS]
[2026-06-23 15:52:29] [DB QUERY START] SQL: SELECT COUNT(*) as total FROM media | Params: []
[2026-06-23 15:52:29] [DB QUERY SUCCESS]
[2026-06-23 15:52:29] [DB QUERY START] SQL: SELECT * FROM pages ORDER BY id DESC LIMIT 5 | Params: []
[2026-06-23 15:52:29] [DB QUERY SUCCESS]
[2026-06-23 15:52:29] [DB QUERY START] SQL: SELECT * FROM media ORDER BY id DESC LIMIT 6 | Params: []
[2026-06-23 15:52:29] [DB QUERY SUCCESS]
[2026-06-23 15:52:29] [DB QUERY START] SQL: SELECT * FROM users WHERE id = :id LIMIT 1 | Params: {"id":1}
[2026-06-23 15:52:29] [DB QUERY SUCCESS]
[2026-06-23 15:52:29] [DB QUERY START] SQL: SELECT setting_key, setting_value FROM settings | Params: []
[2026-06-23 15:52:29] [DB QUERY SUCCESS]
[2026-06-23 15:52:29] [DB QUERY START] SQL: SELECT * FROM media ORDER BY id DESC | Params: []
[2026-06-23 15:52:29] [DB QUERY SUCCESS]
[2026-06-23 15:52:29] [DB QUERY START] SQL: SELECT * FROM pages ORDER BY id DESC | Params: []
[2026-06-23 15:52:29] [DB QUERY SUCCESS]
[2026-06-23 15:52:29] [DB QUERY START] SQL: SELECT setting_key, setting_value FROM settings | Params: []
[2026-06-23 15:52:29] [DB QUERY SUCCESS]
[2026-06-23 15:52:29] [DB QUERY START] SQL: SELECT * FROM media ORDER BY id DESC | Params: []
[2026-06-23 15:52:29] [DB QUERY SUCCESS]
[2026-06-23 15:52:29] [DB QUERY START] SQL: SELECT * FROM projects ORDER BY sort_order ASC, id DESC | Params: []
[2026-06-23 15:52:29] [DB QUERY SUCCESS]
[2026-06-23 15:52:29] [DB QUERY START] SQL: SELECT * FROM users WHERE id = :id LIMIT 1 | Params: {"id":1}
[2026-06-23 15:52:29] [DB QUERY SUCCESS]
[2026-06-23 15:52:29] [DB QUERY START] SQL: SELECT setting_key, setting_value FROM settings | Params: []
[2026-06-23 15:52:29] [DB QUERY SUCCESS]
[2026-06-23 15:52:29] [DB QUERY START] SQL: SELECT * FROM media ORDER BY id DESC | Params: []
[2026-06-23 15:52:29] [DB QUERY SUCCESS]
[2026-06-23 15:52:29] [DB QUERY START] SQL: SELECT * FROM media ORDER BY id DESC | Params: []
[2026-06-23 15:52:29] [DB QUERY SUCCESS]
[2026-06-23 15:52:29] [DB QUERY START] SQL: SELECT setting_key, setting_value FROM settings | Params: []
[2026-06-23 15:52:29] [DB QUERY SUCCESS]
[2026-06-23 15:52:29] [DB QUERY START] SQL: SELECT * FROM media ORDER BY id DESC | Params: []
[2026-06-23 15:52:29] [DB QUERY SUCCESS]
[2026-06-23 15:52:29] [DB QUERY START] SQL: SELECT setting_key, setting_value FROM settings | Params: []
[2026-06-23 15:52:29] [DB QUERY SUCCESS]
[2026-06-23 15:52:29] [DB QUERY START] SQL: SELECT * FROM media ORDER BY id DESC | Params: []
[2026-06-23 15:52:29] [DB QUERY SUCCESS]
[2026-06-23 15:52:29] [DB QUERY START] SQL: SELECT * FROM users WHERE id = :id LIMIT 1 | Params: {"id":1}
[2026-06-23 15:52:29] [DB QUERY SUCCESS]
[2026-06-23 15:52:29] [DB QUERY START] SQL: SELECT setting_key, setting_value FROM settings | Params: []
[2026-06-23 15:52:29] [DB QUERY SUCCESS]
[2026-06-23 15:52:29] [DB QUERY START] SQL: SELECT * FROM media ORDER BY id DESC | Params: []
[2026-06-23 15:52:29] [DB QUERY SUCCESS]
[2026-06-23 17:27:09] [DB QUERY START] SQL: SELECT setting_key, setting_value FROM settings | Params: []
[2026-06-23 17:27:09] [DB QUERY SUCCESS]
[2026-06-23 17:27:56] [DB QUERY START] SQL: SELECT s.id, s.page_id, p.title as page_title, s.name, s.type, s.sort_order, s.status FROM sections s JOIN pages p ON s.page_id = p.id ORDER BY s.page_id, s.sort_order | Params: []
[2026-06-23 17:27:56] [DB QUERY SUCCESS]
[2026-06-23 17:28:54] [DB QUERY START] SQL: SELECT slug FROM pages WHERE status = 'published' | Params: []
[2026-06-23 17:28:54] [DB QUERY SUCCESS]
[2026-06-23 17:29:51] [DB QUERY START] SQL: SELECT * FROM blocks WHERE section_id = :section_id ORDER BY sort_order ASC, id ASC | Params: {"section_id":12}
[2026-06-23 17:29:51] [DB QUERY SUCCESS]
[2026-06-23 17:30:41] [DB QUERY START] SQL: SELECT * FROM media ORDER BY id DESC | Params: []
[2026-06-23 17:30:41] [DB QUERY SUCCESS]
[2026-06-23 17:30:41] [DB QUERY START] SQL: SELECT * FROM projects ORDER BY id DESC | Params: []
[2026-06-23 17:30:41] [DB QUERY SUCCESS]
[2026-06-23 17:30:56] [DB QUERY START] SQL: SELECT * FROM media ORDER BY id DESC | Params: []
[2026-06-23 17:30:56] [DB QUERY SUCCESS]
[2026-06-23 17:30:56] [DB QUERY START] SQL: SELECT * FROM projects ORDER BY id DESC | Params: []
[2026-06-23 17:30:56] [DB QUERY SUCCESS]
[2026-06-23 17:32:32] [DB QUERY START] SQL: SELECT setting_key, setting_value FROM settings | Params: []
[2026-06-23 17:32:32] [DB QUERY SUCCESS]
[2026-06-23 17:36:25] [DB QUERY START] SQL: SELECT * FROM media ORDER BY id DESC | Params: []
[2026-06-23 17:36:25] [DB QUERY SUCCESS]
[2026-06-23 17:36:25] [DB QUERY START] SQL: SELECT * FROM projects ORDER BY id DESC | Params: []
[2026-06-23 17:36:25] [DB QUERY SUCCESS]
[2026-06-23 17:44:24] [DB QUERY START] SQL: SELECT * FROM projects ORDER BY sort_order ASC, id DESC | Params: []
[2026-06-23 17:44:24] [DB QUERY SUCCESS]
[2026-06-23 17:44:24] [DB QUERY START] SQL: SELECT * FROM users WHERE id = :id LIMIT 1 | Params: {"id":1}
[2026-06-23 17:44:24] [DB QUERY SUCCESS]
[2026-06-23 17:44:34] [DB QUERY START] SQL: SELECT s.id, s.page_id, p.title as page_title, s.name, s.type, s.sort_order, s.status FROM sections s JOIN pages p ON s.page_id = p.id ORDER BY s.page_id, s.sort_order | Params: []
[2026-06-23 17:44:34] [DB QUERY SUCCESS]
[2026-06-23 17:44:43] [CACHE-PURGED] Entire system cache has been invalidated.
[2026-06-23 18:05:08] [DB QUERY START] SQL: SELECT slug FROM pages WHERE status = 'published' | Params: []
[2026-06-23 18:05:08] [DB QUERY SUCCESS]
[2026-06-23 18:05:44] [DB QUERY START] SQL: SELECT setting_key, setting_value FROM settings | Params: []
[2026-06-23 18:05:44] [DB QUERY SUCCESS]
[2026-06-23 18:05:44] [DB QUERY START] SQL: SELECT id, title, logo, main_image FROM projects | Params: []
[2026-06-23 18:05:44] [DB QUERY SUCCESS]
[2026-06-23 18:05:44] [DB QUERY START] SQL: SELECT id, title, hero_image, hero_image_mobile FROM pages | Params: []
[2026-06-23 18:05:44] [DB QUERY SUCCESS]
[2026-06-23 18:05:44] [DB QUERY START] SQL: SELECT id, page_id, image FROM hero_slides | Params: []
[2026-06-23 18:05:44] [DB QUERY SUCCESS]
[2026-06-23 18:05:44] [DB QUERY START] SQL: SELECT id, section_id, block_value FROM blocks | Params: []
[2026-06-23 18:05:44] [DB QUERY ERROR] SQLSTATE[42S22]: Column not found: 1054 Champ 'block_value' inconnu dans field list | SQL: SELECT id, section_id, block_value FROM blocks | Params: []
[2026-06-23 18:05:57] [DB QUERY START] SQL: SELECT setting_key, setting_value FROM settings | Params: []
[2026-06-23 18:05:57] [DB QUERY SUCCESS]
[2026-06-23 18:05:57] [DB QUERY START] SQL: SELECT id, title, logo, main_image FROM projects | Params: []
[2026-06-23 18:05:57] [DB QUERY SUCCESS]
[2026-06-23 18:05:57] [DB QUERY START] SQL: SELECT id, title, hero_image, hero_image_mobile FROM pages | Params: []
[2026-06-23 18:05:57] [DB QUERY SUCCESS]
[2026-06-23 18:05:57] [DB QUERY START] SQL: SELECT id, page_id, image FROM hero_slides | Params: []
[2026-06-23 18:05:57] [DB QUERY SUCCESS]
[2026-06-23 18:05:57] [DB QUERY START] SQL: SELECT id, section_id, value FROM blocks | Params: []
[2026-06-23 18:05:57] [DB QUERY SUCCESS]
[2026-06-23 18:05:57] [DB QUERY START] SQL: SELECT id, file_name, file_path FROM media | Params: []
[2026-06-23 18:05:57] [DB QUERY ERROR] SQLSTATE[42S22]: Column not found: 1054 Champ 'file_name' inconnu dans field list | SQL: SELECT id, file_name, file_path FROM media | Params: []
[2026-06-23 18:06:10] [DB QUERY START] SQL: SELECT setting_key, setting_value FROM settings | Params: []
[2026-06-23 18:06:10] [DB QUERY SUCCESS]
[2026-06-23 18:06:10] [DB QUERY START] SQL: SELECT id, title, logo, main_image FROM projects | Params: []
[2026-06-23 18:06:10] [DB QUERY SUCCESS]
[2026-06-23 18:06:10] [DB QUERY START] SQL: SELECT id, title, hero_image, hero_image_mobile FROM pages | Params: []
[2026-06-23 18:06:10] [DB QUERY SUCCESS]
[2026-06-23 18:06:10] [DB QUERY START] SQL: SELECT id, page_id, image FROM hero_slides | Params: []
[2026-06-23 18:06:10] [DB QUERY SUCCESS]
[2026-06-23 18:06:10] [DB QUERY START] SQL: SELECT id, section_id, value FROM blocks | Params: []
[2026-06-23 18:06:10] [DB QUERY SUCCESS]
[2026-06-23 18:06:10] [DB QUERY START] SQL: SELECT id, filename, filepath FROM media | Params: []
[2026-06-23 18:06:10] [DB QUERY SUCCESS]
[2026-06-23 18:28:32] [DB QUERY START] SQL: SELECT s.id, s.page_id, p.title as page_title, s.name, s.type, s.sort_order, s.status FROM sections s JOIN pages p ON s.page_id = p.id ORDER BY s.page_id, s.sort_order | Params: []
[2026-06-23 18:28:32] [DB QUERY SUCCESS]
[2026-06-23 18:30:35] [DB QUERY START] SQL: SELECT * FROM media ORDER BY id DESC | Params: []
[2026-06-23 18:30:35] [DB QUERY SUCCESS]
[2026-06-23 18:30:35] [DB QUERY START] SQL: SELECT * FROM projects ORDER BY id DESC | Params: []
[2026-06-23 18:30:35] [DB QUERY SUCCESS]
[2026-06-23 20:37:20] [DB QUERY START] SQL: SELECT id, title, category, external_link FROM projects ORDER BY sort_order ASC LIMIT 2 | Params: []
[2026-06-23 20:37:20] [DB QUERY SUCCESS]
[2026-06-23 20:37:21] [DB QUERY START] SQL: SELECT name, value FROM settings WHERE name IN ('contact_address', 'contact_phone', 'contact_email') | Params: []
[2026-06-23 20:37:21] [DB QUERY ERROR] SQLSTATE[42S22]: Column not found: 1054 Champ 'name' inconnu dans field list | SQL: SELECT name, value FROM settings WHERE name IN ('contact_address', 'contact_phone', 'contact_email') | Params: []
[2026-06-23 20:37:29] [DB QUERY START] SQL: SELECT setting_key, setting_value FROM settings | Params: []
[2026-06-23 20:37:29] [DB QUERY SUCCESS]
